I'm sorry, but errors were detected in your script. Please correct the
errors listed below, and try again.


File "game/script.rpy", line 3024: expected statement.
    "Which things?":
                   ^

File "game/script.rpy", line 3044: expected statement.
    "Where were you?":
                     ^

Ren'Py Version: Ren'Py 7.3.5.606
Thu Jul 02 13:37:20 2020
